Component: ARM Compiler 5.05 update 1 (build 106) Tool: armlink [4d0efa]

==============================================================================

Section Cross References

    main.o(i.advertising_init) refers to memseta.o(.text) for __aeabi_memclr4
    main.o(i.advertising_init) refers to ble_advdata.o(i.ble_advdata_set) for ble_advdata_set
    main.o(i.advertising_init) refers to app_error.o(i.app_error_handler) for app_error_handler
    main.o(i.advertising_init) refers to main.o(.constdata) for .constdata
    main.o(i.advertising_init) refers to main.o(.bss) for .bss
    main.o(i.advertising_start) refers to pstorage.o(i.pstorage_access_status_get) for pstorage_access_status_get
    main.o(i.advertising_start) refers to app_error.o(i.app_error_handler) for app_error_handler
    main.o(i.advertising_start) refers to bsp.o(i.bsp_indication_set) for bsp_indication_set
    main.o(i.advertising_start) refers to main.o(.data) for .data
    main.o(i.advertising_start) refers to main.o(.bss) for .bss
    main.o(i.application_timers_start) refers to app_timer.o(i.app_timer_start) for app_timer_start
    main.o(i.application_timers_start) refers to app_error.o(i.app_error_handler) for app_error_handler
    main.o(i.application_timers_start) refers to main.o(.data) for .data
    main.o(i.assert_nrf_callback) refers to app_error.o(i.app_error_handler) for app_error_handler
    main.o(i.battery_level_meas_timeout_handler) refers to ble_sensorsim.o(i.ble_sensorsim_measure) for ble_sensorsim_measure
    main.o(i.battery_level_meas_timeout_handler) refers to ble_bas.o(i.ble_bas_battery_level_update) for ble_bas_battery_level_update
    main.o(i.battery_level_meas_timeout_handler) refers to app_error.o(i.app_error_handler) for app_error_handler
    main.o(i.battery_level_meas_timeout_handler) refers to main.o(.bss) for .bss
    main.o(i.battery_level_meas_timeout_handler) refers to main.o(.data) for .data
    main.o(i.ble_evt_dispatch) refers to device_manager_peripheral.o(i.dm_ble_evt_handler) for dm_ble_evt_handler
    main.o(i.ble_evt_dispatch) refers to ble_hrs.o(i.ble_hrs_on_ble_evt) for ble_hrs_on_ble_evt
    main.o(i.ble_evt_dispatch) refers to ble_bas.o(i.ble_bas_on_ble_evt) for ble_bas_on_ble_evt
    main.o(i.ble_evt_dispatch) refers to ble_conn_params.o(i.ble_conn_params_on_ble_evt) for ble_conn_params_on_ble_evt
    main.o(i.ble_evt_dispatch) refers to main.o(i.on_ble_evt) for on_ble_evt
    main.o(i.ble_evt_dispatch) refers to main.o(.bss) for .bss
    main.o(i.ble_stack_init) refers to softdevice_handler.o(i.softdevice_handler_init) for softdevice_handler_init
    main.o(i.ble_stack_init) refers to app_error.o(i.app_error_handler) for app_error_handler
    main.o(i.ble_stack_init) refers to softdevice_handler.o(i.softdevice_ble_evt_handler_set) for softdevice_ble_evt_handler_set
    main.o(i.ble_stack_init) refers to softdevice_handler.o(i.softdevice_sys_evt_handler_set) for softdevice_sys_evt_handler_set
    main.o(i.ble_stack_init) refers to main.o(.bss) for .bss
    main.o(i.ble_stack_init) refers to main.o(i.ble_evt_dispatch) for ble_evt_dispatch
    main.o(i.ble_stack_init) refers to main.o(i.sys_evt_dispatch) for sys_evt_dispatch
    main.o(i.conn_params_error_handler) refers to app_error.o(i.app_error_handler) for app_error_handler
    main.o(i.device_manager_evt_handler) refers to app_error.o(i.app_error_handler) for app_error_handler
    main.o(i.device_manager_init) refers to pstorage.o(i.pstorage_init) for pstorage_init
    main.o(i.device_manager_init) refers to app_error.o(i.app_error_handler) for app_error_handler
    main.o(i.device_manager_init) refers to bsp.o(i.bsp_button_is_pressed) for bsp_button_is_pressed
    main.o(i.device_manager_init) refers to device_manager_peripheral.o(i.dm_init) for dm_init
    main.o(i.device_manager_init) refers to memseta.o(.text) for __aeabi_memclr
    main.o(i.device_manager_init) refers to device_manager_peripheral.o(i.dm_register) for dm_register
    main.o(i.device_manager_init) refers to main.o(i.device_manager_evt_handler) for device_manager_evt_handler
    main.o(i.device_manager_init) refers to main.o(.data) for .data
    main.o(i.heart_rate_meas_timeout_handler) refers to ble_sensorsim.o(i.ble_sensorsim_measure) for ble_sensorsim_measure
    main.o(i.heart_rate_meas_timeout_handler) refers to ble_hrs.o(i.ble_hrs_heart_rate_measurement_send) for ble_hrs_heart_rate_measurement_send
    main.o(i.heart_rate_meas_timeout_handler) refers to app_error.o(i.app_error_handler) for app_error_handler
    main.o(i.heart_rate_meas_timeout_handler) refers to main.o(.bss) for .bss
    main.o(i.heart_rate_meas_timeout_handler) refers to main.o(.data) for .data
    main.o(i.main) refers to main.o(i.ble_stack_init) for ble_stack_init
    main.o(i.main) refers to main.o(i.timers_init) for timers_init
    main.o(i.main) refers to app_gpiote.o(i.app_gpiote_init) for app_gpiote_init
    main.o(i.main) refers to app_error.o(i.app_error_handler) for app_error_handler
    main.o(i.main) refers to bsp.o(i.bsp_init) for bsp_init
    main.o(i.main) refers to main.o(i.device_manager_init) for device_manager_init
    main.o(i.main) refers to main.o(i.advertising_init) for advertising_init
    main.o(i.main) refers to main.o(i.services_init) for services_init
    main.o(i.main) refers to main.o(i.sensor_sim_init) for sensor_sim_init
    main.o(i.main) refers to memseta.o(.text) for __aeabi_memclr4
    main.o(i.main) refers to ble_conn_params.o(i.ble_conn_params_init) for ble_conn_params_init
    main.o(i.main) refers to main.o(i.application_timers_start) for application_timers_start
    main.o(i.main) refers to main.o(i.advertising_start) for advertising_start
    main.o(i.main) refers to main.o(.bss) for .bss
    main.o(i.main) refers to main.o(i.on_conn_params_evt) for on_conn_params_evt
    main.o(i.main) refers to main.o(i.conn_params_error_handler) for conn_params_error_handler
    main.o(i.on_ble_evt) refers to bsp.o(i.bsp_indication_set) for bsp_indication_set
    main.o(i.on_ble_evt) refers to app_error.o(i.app_error_handler) for app_error_handler
    main.o(i.on_ble_evt) refers to bsp.o(i.bsp_buttons_enable) for bsp_buttons_enable
    main.o(i.on_ble_evt) refers to main.o(i.advertising_start) for advertising_start
    main.o(i.on_ble_evt) refers to main.o(.data) for .data
    main.o(i.on_conn_params_evt) refers to app_error.o(i.app_error_handler) for app_error_handler
    main.o(i.on_conn_params_evt) refers to main.o(.data) for .data
    main.o(i.rr_interval_timeout_handler) refers to ble_sensorsim.o(i.ble_sensorsim_measure) for ble_sensorsim_measure
    main.o(i.rr_interval_timeout_handler) refers to ble_hrs.o(i.ble_hrs_rr_interval_add) for ble_hrs_rr_interval_add
    main.o(i.rr_interval_timeout_handler) refers to main.o(.data) for .data
    main.o(i.rr_interval_timeout_handler) refers to main.o(.bss) for .bss
    main.o(i.sensor_contact_detected_timeout_handler) refers to ble_hrs.o(i.ble_hrs_sensor_contact_detected_update) for ble_hrs_sensor_contact_detected_update
    main.o(i.sensor_contact_detected_timeout_handler) refers to main.o(.data) for .data
    main.o(i.sensor_contact_detected_timeout_handler) refers to main.o(.bss) for .bss
    main.o(i.sensor_sim_init) refers to ble_sensorsim.o(i.ble_sensorsim_init) for ble_sensorsim_init
    main.o(i.sensor_sim_init) refers to main.o(.bss) for .bss
    main.o(i.sensor_sim_init) refers to main.o(.data) for .data
    main.o(i.services_init) refers to memseta.o(.text) for __aeabi_memclr4
    main.o(i.services_init) refers to app_error.o(i.app_error_handler) for app_error_handler
    main.o(i.services_init) refers to ble_hrs.o(i.ble_hrs_init) for ble_hrs_init
    main.o(i.services_init) refers to ble_bas.o(i.ble_bas_init) for ble_bas_init
    main.o(i.services_init) refers to ble_srv_common.o(i.ble_srv_ascii_to_utf8) for ble_srv_ascii_to_utf8
    main.o(i.services_init) refers to ble_dis.o(i.ble_dis_init) for ble_dis_init
    main.o(i.services_init) refers to main.o(.bss) for .bss
    main.o(i.sys_evt_dispatch) refers to pstorage.o(i.pstorage_sys_event_handler) for pstorage_sys_event_handler
    main.o(i.sys_evt_dispatch) refers to main.o(i.advertising_start) for advertising_start
    main.o(i.sys_evt_dispatch) refers to main.o(.data) for .data
    main.o(i.timers_init) refers to app_timer.o(i.app_timer_init) for app_timer_init
    main.o(i.timers_init) refers to app_error.o(i.app_error_handler) for app_error_handler
    main.o(i.timers_init) refers to app_timer.o(i.app_timer_create) for app_timer_create
    main.o(i.timers_init) refers to main.o(.bss) for .bss
    main.o(i.timers_init) refers to main.o(i.battery_level_meas_timeout_handler) for battery_level_meas_timeout_handler
    main.o(i.timers_init) refers to main.o(.data) for .data
    main.o(i.timers_init) refers to main.o(i.heart_rate_meas_timeout_handler) for heart_rate_meas_timeout_handler
    main.o(i.timers_init) refers to main.o(i.rr_interval_timeout_handler) for rr_interval_timeout_handler
    main.o(i.timers_init) refers to main.o(i.sensor_contact_detected_timeout_handler) for sensor_contact_detected_timeout_handler
    bsp.o(i.bsp_button_event_handler) refers to bsp.o(.data) for .data
    bsp.o(i.bsp_button_event_handler) refers to bsp.o(.constdata) for .constdata
    bsp.o(i.bsp_button_is_pressed) refers to bsp.o(.constdata) for .constdata
    bsp.o(i.bsp_buttons_enable) refers to bsp.o(.constdata) for .constdata
    bsp.o(i.bsp_buttons_state_get) refers to bsp.o(.constdata) for .constdata
    bsp.o(i.bsp_event_to_button_assign) refers to bsp.o(.data) for .data
    bsp.o(i.bsp_indication_set) refers to bsp.o(i.bsp_led_indication) for bsp_led_indication
    bsp.o(i.bsp_indication_set) refers to bsp.o(.data) for .data
    bsp.o(i.bsp_indication_text_set) refers to bsp.o(i.bsp_indication_set) for bsp_indication_set
    bsp.o(i.bsp_init) refers to bsp.o(i.bsp_event_to_button_assign) for bsp_event_to_button_assign
    bsp.o(i.bsp_init) refers to app_button.o(i.app_button_init) for app_button_init
    bsp.o(i.bsp_init) refers to app_error.o(i.app_error_handler) for app_error_handler
    bsp.o(i.bsp_init) refers to app_button.o(i.app_button_enable) for app_button_enable
    bsp.o(i.bsp_init) refers to app_timer.o(i.app_timer_create) for app_timer_create
    bsp.o(i.bsp_init) refers to bsp.o(.data) for .data
    bsp.o(i.bsp_init) refers to bsp.o(.constdata) for .constdata
    bsp.o(i.bsp_init) refers to bsp.o(i.leds_timer_handler) for leds_timer_handler
    bsp.o(i.bsp_init) refers to bsp.o(i.alert_timer_handler) for alert_timer_handler
    bsp.o(i.bsp_led_indication) refers to bsp.o(i.__ARM_common_switch8) for __ARM_common_switch8
    bsp.o(i.bsp_led_indication) refers to uidiv.o(.text) for __aeabi_uidivmod
    bsp.o(i.bsp_led_indication) refers to app_timer.o(i.app_timer_start) for app_timer_start
    bsp.o(i.bsp_led_indication) refers to app_timer.o(i.app_timer_stop) for app_timer_stop
    bsp.o(i.bsp_led_indication) refers to bsp.o(.data) for .data
    bsp.o(i.leds_timer_handler) refers to bsp.o(i.bsp_led_indication) for bsp_led_indication
    bsp.o(i.leds_timer_handler) refers to bsp.o(.data) for .data
    bsp.o(.constdata) refers to bsp.o(i.bsp_button_event_handler) for bsp_button_event_handler
    arm_startup_nrf51.o(RESET) refers to arm_startup_nrf51.o(STACK) for __initial_sp
    arm_startup_nrf51.o(RESET) refers to arm_startup_nrf51.o(.text) for Reset_Handler
    arm_startup_nrf51.o(RESET) refers to app_uart_fifo.o(i.UART0_IRQHandler) for UART0_IRQHandler
    arm_startup_nrf51.o(RESET) refers to app_gpiote.o(i.GPIOTE_IRQHandler) for GPIOTE_IRQHandler
    arm_startup_nrf51.o(RESET) refers to app_timer.o(i.RTC1_IRQHandler) for RTC1_IRQHandler
    arm_startup_nrf51.o(RESET) refers to app_timer.o(i.SWI0_IRQHandler) for SWI0_IRQHandler
    arm_startup_nrf51.o(RESET) refers to softdevice_handler.o(i.SWI2_IRQHandler) for SWI2_IRQHandler
    arm_startup_nrf51.o(.text) refers to system_nrf51.o(i.SystemInit) for SystemInit
    arm_startup_nrf51.o(.text) refers to entry.o(.ARM.Collect$$$$00000000) for __main
    system_nrf51.o(i.SystemCoreClockUpdate) refers to system_nrf51.o(.data) for .data
    system_nrf51.o(i.SystemInit) refers to system_nrf51.o(i.is_manual_peripheral_setup_needed) for is_manual_peripheral_setup_needed
    ble_bas.o(i.battery_level_char_add) refers to memseta.o(.text) for __aeabi_memclr4
    ble_bas.o(i.battery_level_char_add) refers to ble_srv_common.o(i.ble_srv_report_ref_encode) for ble_srv_report_ref_encode
    ble_bas.o(i.ble_bas_init) refers to ble_bas.o(i.battery_level_char_add) for battery_level_char_add
    ble_dis.o(i.ble_dis_init) refers to ble_dis.o(i.char_add) for char_add
    ble_dis.o(i.ble_dis_init) refers to ble_dis.o(i.sys_id_encode) for sys_id_encode
    ble_dis.o(i.ble_dis_init) refers to ble_dis.o(i.pnp_id_encode) for pnp_id_encode
    ble_dis.o(i.ble_dis_init) refers to ble_dis.o(.data) for .data
    ble_dis.o(i.char_add) refers to app_error.o(i.app_error_handler) for app_error_handler
    ble_dis.o(i.char_add) refers to memseta.o(.text) for __aeabi_memclr4
    ble_dis.o(i.char_add) refers to ble_dis.o(.data) for .data
    ble_dis.o(i.pnp_id_encode) refers to app_error.o(i.app_error_handler) for app_error_handler
    ble_dis.o(i.sys_id_encode) refers to app_error.o(i.app_error_handler) for app_error_handler
    ble_hrs.o(i.ble_hrs_heart_rate_measurement_send) refers to ble_hrs.o(i.hrm_encode) for hrm_encode
    ble_hrs.o(i.ble_hrs_init) refers to ble_hrs.o(i.heart_rate_measurement_char_add) for heart_rate_measurement_char_add
    ble_hrs.o(i.ble_hrs_init) refers to ble_hrs.o(i.body_sensor_location_char_add) for body_sensor_location_char_add
    ble_hrs.o(i.ble_hrs_rr_interval_add) refers to memmovea.o(.text) for __aeabi_memmove
    ble_hrs.o(i.body_sensor_location_char_add) refers to memseta.o(.text) for __aeabi_memclr4
    ble_hrs.o(i.heart_rate_measurement_char_add) refers to memseta.o(.text) for __aeabi_memclr4
    ble_hrs.o(i.heart_rate_measurement_char_add) refers to ble_hrs.o(i.hrm_encode) for hrm_encode
    ble_hrs.o(i.hrm_encode) refers to memmovea.o(.text) for __aeabi_memmove
    ble_srv_common.o(i.ble_srv_ascii_to_utf8) refers to strlen.o(.text) for strlen
    device_manager_peripheral.o(i.app_evt_notify) refers to device_manager_peripheral.o(.bss) for .bss
    device_manager_peripheral.o(i.bond_data_load) refers to pstorage.o(i.pstorage_block_identifier_get) for pstorage_block_identifier_get
    device_manager_peripheral.o(i.bond_data_load) refers to pstorage.o(i.pstorage_load) for pstorage_load
    device_manager_peripheral.o(i.bond_data_load) refers to device_manager_peripheral.o(.data) for .data
    device_manager_peripheral.o(i.bond_data_load) refers to device_manager_peripheral.o(.bss) for .bss
    device_manager_peripheral.o(i.bond_data_load) refers to device_manager_peripheral.o(.constdata) for .constdata
    device_manager_peripheral.o(i.connection_instance_find) refers to device_manager_peripheral.o(.bss) for .bss
    device_manager_peripheral.o(i.connection_instance_init) refers to memseta.o(.text) for __aeabi_memclr
    device_manager_peripheral.o(i.connection_instance_init) refers to device_manager_peripheral.o(.bss) for .bss
    device_manager_peripheral.o(i.device_context_store) refers to pstorage.o(i.pstorage_block_identifier_get) for pstorage_block_identifier_get
    device_manager_peripheral.o(i.device_context_store) refers to device_manager_peripheral.o(.data) for .data
    device_manager_peripheral.o(i.device_context_store) refers to device_manager_peripheral.o(.bss) for .bss
    device_manager_peripheral.o(i.device_context_store) refers to device_manager_peripheral.o(i.storage_operation_dummy_handler) for storage_operation_dummy_handler
    device_manager_peripheral.o(i.device_context_store) refers to device_manager_peripheral.o(.constdata) for .constdata
    device_manager_peripheral.o(i.device_context_store) refers to pstorage.o(i.pstorage_update) for pstorage_update
    device_manager_peripheral.o(i.device_context_store) refers to pstorage.o(i.pstorage_store) for pstorage_store
    device_manager_peripheral.o(i.device_instance_allocate) refers to memmovea.o(.text) for __aeabi_memcpy
    device_manager_peripheral.o(i.device_instance_allocate) refers to device_manager_peripheral.o(.bss) for .bss
    device_manager_peripheral.o(i.device_instance_find) refers to memcmp.o(.text) for memcmp
    device_manager_peripheral.o(i.device_instance_find) refers to device_manager_peripheral.o(.bss) for .bss
    device_manager_peripheral.o(i.device_instance_free) refers to pstorage.o(i.pstorage_block_identifier_get) for pstorage_block_identifier_get
    device_manager_peripheral.o(i.device_instance_free) refers to pstorage.o(i.pstorage_clear) for pstorage_clear
    device_manager_peripheral.o(i.device_instance_free) refers to device_manager_peripheral.o(i.peer_instance_init) for peer_instance_init
    device_manager_peripheral.o(i.device_instance_free) refers to device_manager_peripheral.o(.data) for .data
    device_manager_peripheral.o(i.dm_application_instance_set) refers to device_manager_peripheral.o(.data) for .data
    device_manager_peripheral.o(i.dm_application_instance_set) refers to device_manager_peripheral.o(.bss) for .bss
    device_manager_peripheral.o(i.dm_ble_evt_handler) refers to device_manager_peripheral.o(i.dm_handle_initialize) for dm_handle_initialize
    device_manager_peripheral.o(i.dm_ble_evt_handler) refers to app_error.o(i.app_error_handler) for app_error_handler
    device_manager_peripheral.o(i.dm_ble_evt_handler) refers to device_manager_peripheral.o(i.connection_instance_find) for connection_instance_find
    device_manager_peripheral.o(i.dm_ble_evt_handler) refers to memseta.o(.text) for __aeabi_memclr4
    device_manager_peripheral.o(i.dm_ble_evt_handler) refers to memmovea.o(.text) for __aeabi_memcpy
    device_manager_peripheral.o(i.dm_ble_evt_handler) refers to device_manager_peripheral.o(i.device_instance_find) for device_instance_find
    device_manager_peripheral.o(i.dm_ble_evt_handler) refers to device_manager_peripheral.o(i.bond_data_load) for bond_data_load
    device_manager_peripheral.o(i.dm_ble_evt_handler) refers to device_manager_peripheral.o(i.device_context_store) for device_context_store
    device_manager_peripheral.o(i.dm_ble_evt_handler) refers to device_manager_peripheral.o(i.peer_instance_init) for peer_instance_init
    device_manager_peripheral.o(i.dm_ble_evt_handler) refers to device_manager_peripheral.o(i.device_instance_allocate) for device_instance_allocate
    device_manager_peripheral.o(i.dm_ble_evt_handler) refers to device_manager_peripheral.o(i.app_evt_notify) for app_evt_notify
    device_manager_peripheral.o(i.dm_ble_evt_handler) refers to device_manager_peripheral.o(i.connection_instance_init) for connection_instance_init
    device_manager_peripheral.o(i.dm_ble_evt_handler) refers to device_manager_peripheral.o(.data) for .data
    device_manager_peripheral.o(i.dm_ble_evt_handler) refers to device_manager_peripheral.o(.bss) for .bss
    device_manager_peripheral.o(i.dm_ble_evt_handler) refers to device_manager_peripheral.o(.constdata) for .constdata
    device_manager_peripheral.o(i.dm_device_delete) refers to device_manager_peripheral.o(i.device_instance_free) for device_instance_free
    device_manager_peripheral.o(i.dm_device_delete) refers to device_manager_peripheral.o(.data) for .data
    device_manager_peripheral.o(i.dm_device_delete) refers to device_manager_peripheral.o(.bss) for .bss
    device_manager_peripheral.o(i.dm_device_delete_all) refers to device_manager_peripheral.o(i.device_instance_free) for device_instance_free
    device_manager_peripheral.o(i.dm_device_delete_all) refers to device_manager_peripheral.o(.data) for .data
    device_manager_peripheral.o(i.dm_device_delete_all) refers to device_manager_peripheral.o(.bss) for .bss
    device_manager_peripheral.o(i.dm_distributed_keys_get) refers to device_manager_peripheral.o(.data) for .data
    device_manager_peripheral.o(i.dm_distributed_keys_get) refers to device_manager_peripheral.o(.bss) for .bss
    device_manager_peripheral.o(i.dm_init) refers to device_manager_peripheral.o(i.connection_instance_init) for connection_instance_init
    device_manager_peripheral.o(i.dm_init) refers to memseta.o(.text) for __aeabi_memclr4
    device_manager_peripheral.o(i.dm_init) refers to device_manager_peripheral.o(i.peer_instance_init) for peer_instance_init
    device_manager_peripheral.o(i.dm_init) refers to pstorage.o(i.pstorage_register) for pstorage_register
    device_manager_peripheral.o(i.dm_init) refers to pstorage.o(i.pstorage_clear) for pstorage_clear
    device_manager_peripheral.o(i.dm_init) refers to pstorage.o(i.pstorage_block_identifier_get) for pstorage_block_identifier_get
    device_manager_peripheral.o(i.dm_init) refers to pstorage.o(i.pstorage_load) for pstorage_load
    device_manager_peripheral.o(i.dm_init) refers to device_manager_peripheral.o(.bss) for .bss
    device_manager_peripheral.o(i.dm_init) refers to device_manager_peripheral.o(.data) for .data
    device_manager_peripheral.o(i.dm_init) refers to device_manager_peripheral.o(i.dm_pstorage_cb_handler) for dm_pstorage_cb_handler
    device_manager_peripheral.o(i.dm_peer_addr_get) refers to memmovea.o(.text) for __aeabi_memcpy
    device_manager_peripheral.o(i.dm_peer_addr_get) refers to device_manager_peripheral.o(.data) for .data
    device_manager_peripheral.o(i.dm_peer_addr_get) refers to device_manager_peripheral.o(.bss) for .bss
    device_manager_peripheral.o(i.dm_peer_addr_set) refers to memmovea.o(.text) for __aeabi_memcpy
    device_manager_peripheral.o(i.dm_peer_addr_set) refers to device_manager_peripheral.o(i.device_context_store) for device_context_store
    device_manager_peripheral.o(i.dm_peer_addr_set) refers to device_manager_peripheral.o(.data) for .data
    device_manager_peripheral.o(i.dm_peer_addr_set) refers to device_manager_peripheral.o(.bss) for .bss
    device_manager_peripheral.o(i.dm_pstorage_cb_handler) refers to device_manager_peripheral.o(i.dm_handle_initialize) for dm_handle_initialize
    device_manager_peripheral.o(i.dm_pstorage_cb_handler) refers to app_error.o(i.app_error_handler) for app_error_handler
    device_manager_peripheral.o(i.dm_pstorage_cb_handler) refers to pstorage.o(i.pstorage_block_identifier_get) for pstorage_block_identifier_get
    device_manager_peripheral.o(i.dm_pstorage_cb_handler) refers to memcmp.o(.text) for memcmp
    device_manager_peripheral.o(i.dm_pstorage_cb_handler) refers to uidiv.o(.text) for __aeabi_uidivmod
    device_manager_peripheral.o(i.dm_pstorage_cb_handler) refers to device_manager_peripheral.o(i.update_status_bit_reset) for update_status_bit_reset
    device_manager_peripheral.o(i.dm_pstorage_cb_handler) refers to memseta.o(.text) for __aeabi_memclr4
    device_manager_peripheral.o(i.dm_pstorage_cb_handler) refers to device_manager_peripheral.o(i.app_evt_notify) for app_evt_notify
    device_manager_peripheral.o(i.dm_pstorage_cb_handler) refers to device_manager_peripheral.o(.bss) for .bss
    device_manager_peripheral.o(i.dm_pstorage_cb_handler) refers to device_manager_peripheral.o(.data) for .data
    device_manager_peripheral.o(i.dm_register) refers to memmovea.o(.text) for __aeabi_memcpy
    device_manager_peripheral.o(i.dm_register) refers to device_manager_peripheral.o(.data) for .data
    device_manager_peripheral.o(i.dm_register) refers to device_manager_peripheral.o(.bss) for .bss
    device_manager_peripheral.o(i.dm_security_setup_req) refers to device_manager_peripheral.o(.data) for .data
    device_manager_peripheral.o(i.dm_security_setup_req) refers to device_manager_peripheral.o(.bss) for .bss
    device_manager_peripheral.o(i.dm_security_status_req) refers to device_manager_peripheral.o(.data) for .data
    device_manager_peripheral.o(i.dm_security_status_req) refers to device_manager_peripheral.o(.bss) for .bss
    device_manager_peripheral.o(i.dm_service_context_delete) refers to device_manager_peripheral.o(.data) for .data
    device_manager_peripheral.o(i.dm_service_context_delete) refers to device_manager_peripheral.o(.bss) for .bss
    device_manager_peripheral.o(i.dm_service_context_get) refers to pstorage.o(i.pstorage_block_identifier_get) for pstorage_block_identifier_get
    device_manager_peripheral.o(i.dm_service_context_get) refers to device_manager_peripheral.o(.data) for .data
    device_manager_peripheral.o(i.dm_service_context_get) refers to device_manager_peripheral.o(.bss) for .bss
    device_manager_peripheral.o(i.dm_service_context_get) refers to device_manager_peripheral.o(.constdata) for .constdata
    device_manager_peripheral.o(i.dm_service_context_set) refers to memmovea.o(.text) for __aeabi_memcpy
    device_manager_peripheral.o(i.dm_service_context_set) refers to pstorage.o(i.pstorage_block_identifier_get) for pstorage_block_identifier_get
    device_manager_peripheral.o(i.dm_service_context_set) refers to device_manager_peripheral.o(.data) for .data
    device_manager_peripheral.o(i.dm_service_context_set) refers to device_manager_peripheral.o(.bss) for .bss
    device_manager_peripheral.o(i.dm_service_context_set) refers to device_manager_peripheral.o(.constdata) for .constdata
    device_manager_peripheral.o(i.dm_whitelist_create) refers to device_manager_peripheral.o(.data) for .data
    device_manager_peripheral.o(i.dm_whitelist_create) refers to device_manager_peripheral.o(.bss) for .bss
    device_manager_peripheral.o(i.gatts_context_apply) refers to device_manager_peripheral.o(.bss) for .bss
    device_manager_peripheral.o(i.gatts_context_load) refers to pstorage.o(i.pstorage_load) for pstorage_load
    device_manager_peripheral.o(i.gatts_context_load) refers to device_manager_peripheral.o(.bss) for .bss
    device_manager_peripheral.o(i.gatts_context_store) refers to memcmp.o(.text) for memcmp
    device_manager_peripheral.o(i.gatts_context_store) refers to memseta.o(.text) for __aeabi_memclr4
    device_manager_peripheral.o(i.gatts_context_store) refers to memmovea.o(.text) for __aeabi_memcpy4
    device_manager_peripheral.o(i.gatts_context_store) refers to device_manager_peripheral.o(.bss) for .bss
    device_manager_peripheral.o(i.gatts_context_store) refers to pstorage.o(i.pstorage_update) for pstorage_update
    device_manager_peripheral.o(i.gatts_context_store) refers to pstorage.o(i.pstorage_store) for pstorage_store
    device_manager_peripheral.o(i.gattsc_context_apply) refers to device_manager_peripheral.o(i.gatts_context_apply) for gatts_context_apply
    device_manager_peripheral.o(i.gattsc_context_load) refers to device_manager_peripheral.o(i.gatts_context_load) for gatts_context_load
    device_manager_peripheral.o(i.gattsc_context_store) refers to device_manager_peripheral.o(i.gatts_context_store) for gatts_context_store
    device_manager_peripheral.o(i.peer_instance_init) refers to memseta.o(.text) for __aeabi_memclr
    device_manager_peripheral.o(i.peer_instance_init) refers to device_manager_peripheral.o(i.update_status_bit_reset) for update_status_bit_reset
    device_manager_peripheral.o(i.peer_instance_init) refers to device_manager_peripheral.o(.bss) for .bss
    device_manager_peripheral.o(i.update_status_bit_reset) refers to device_manager_peripheral.o(.data) for .data
    device_manager_peripheral.o(.constdata) refers to device_manager_peripheral.o(i.no_service_context_store) for no_service_context_store
    device_manager_peripheral.o(.constdata) refers to device_manager_peripheral.o(i.gatts_context_store) for gatts_context_store
    device_manager_peripheral.o(.constdata) refers to device_manager_peripheral.o(i.gattc_context_store) for gattc_context_store
    device_manager_peripheral.o(.constdata) refers to device_manager_peripheral.o(i.gattsc_context_store) for gattsc_context_store
    device_manager_peripheral.o(.constdata) refers to device_manager_peripheral.o(i.no_service_context_load) for no_service_context_load
    device_manager_peripheral.o(.constdata) refers to device_manager_peripheral.o(i.gatts_context_load) for gatts_context_load
    device_manager_peripheral.o(.constdata) refers to device_manager_peripheral.o(i.gattc_context_load) for gattc_context_load
    device_manager_peripheral.o(.constdata) refers to device_manager_peripheral.o(i.gattsc_context_load) for gattsc_context_load
    device_manager_peripheral.o(.constdata) refers to device_manager_peripheral.o(i.no_service_context_apply) for no_service_context_apply
    device_manager_peripheral.o(.constdata) refers to device_manager_peripheral.o(i.gatts_context_apply) for gatts_context_apply
    device_manager_peripheral.o(.constdata) refers to device_manager_peripheral.o(i.gattc_context_apply) for gattc_context_apply
    device_manager_peripheral.o(.constdata) refers to device_manager_peripheral.o(i.gattsc_context_apply) for gattsc_context_apply
    ble_advdata.o(i.adv_data_encode) refers to ble_advdata.o(i.name_encode) for name_encode
    ble_advdata.o(i.adv_data_encode) refers to ble_advdata.o(i.uint16_encode) for uint16_encode
    ble_advdata.o(i.adv_data_encode) refers to memmovea.o(.text) for __aeabi_memcpy
    ble_advdata.o(i.adv_data_encode) refers to ble_advdata.o(i.uuid_list_encode) for uuid_list_encode
    ble_advdata.o(i.adv_data_encode) refers to ble_advdata.o(i.conn_int_encode) for conn_int_encode
    ble_advdata.o(i.adv_data_encode) refers to ble_advdata.o(i.manuf_specific_data_encode) for manuf_specific_data_encode
    ble_advdata.o(i.adv_data_encode) refers to ble_advdata.o(i.service_data_encode) for service_data_encode
    ble_advdata.o(i.ble_advdata_set) refers to ble_advdata.o(i.adv_data_encode) for adv_data_encode
    ble_advdata.o(i.conn_int_encode) refers to ble_advdata.o(i.uint16_encode) for uint16_encode
    ble_advdata.o(i.manuf_specific_data_encode) refers to ble_advdata.o(i.uint16_encode) for uint16_encode
    ble_advdata.o(i.manuf_specific_data_encode) refers to memmovea.o(.text) for __aeabi_memcpy
    ble_advdata.o(i.service_data_encode) refers to ble_advdata.o(i.uint16_encode) for uint16_encode
    ble_advdata.o(i.service_data_encode) refers to memmovea.o(.text) for __aeabi_memcpy
    ble_advdata.o(i.uuid_list_encode) refers to ble_advdata.o(i.uuid_list_sized_encode) for uuid_list_sized_encode
    ble_conn_params.o(i.ble_conn_params_change_conn_params) refers to memmovea.o(.text) for __aeabi_memcpy
    ble_conn_params.o(i.ble_conn_params_change_conn_params) refers to ble_conn_params.o(i.is_conn_params_ok) for is_conn_params_ok
    ble_conn_params.o(i.ble_conn_params_change_conn_params) refers to ble_conn_params.o(.data) for .data
    ble_conn_params.o(i.ble_conn_params_change_conn_params) refers to ble_conn_params.o(.bss) for .bss
    ble_conn_params.o(i.ble_conn_params_init) refers to memmovea.o(.text) for __aeabi_memcpy4
    ble_conn_params.o(i.ble_conn_params_init) refers to app_timer.o(i.app_timer_create) for app_timer_create
    ble_conn_params.o(i.ble_conn_params_init) refers to ble_conn_params.o(.bss) for .bss
    ble_conn_params.o(i.ble_conn_params_init) refers to ble_conn_params.o(.data) for .data
    ble_conn_params.o(i.ble_conn_params_init) refers to ble_conn_params.o(i.update_timeout_handler) for update_timeout_handler
    ble_conn_params.o(i.ble_conn_params_on_ble_evt) refers to memmovea.o(.text) for __aeabi_memcpy
    ble_conn_params.o(i.ble_conn_params_on_ble_evt) refers to ble_conn_params.o(i.conn_params_negotiation) for conn_params_negotiation
    ble_conn_params.o(i.ble_conn_params_on_ble_evt) refers to app_timer.o(i.app_timer_stop) for app_timer_stop
    ble_conn_params.o(i.ble_conn_params_on_ble_evt) refers to ble_conn_params.o(.data) for .data
    ble_conn_params.o(i.ble_conn_params_on_ble_evt) refers to ble_conn_params.o(.bss) for .bss
    ble_conn_params.o(i.ble_conn_params_stop) refers to app_timer.o(i.app_timer_stop) for app_timer_stop
    ble_conn_params.o(i.ble_conn_params_stop) refers to ble_conn_params.o(.data) for .data
    ble_conn_params.o(i.conn_params_negotiation) refers to ble_conn_params.o(i.is_conn_params_ok) for is_conn_params_ok
    ble_conn_params.o(i.conn_params_negotiation) refers to app_timer.o(i.app_timer_start) for app_timer_start
    ble_conn_params.o(i.conn_params_negotiation) refers to ble_conn_params.o(.data) for .data
    ble_conn_params.o(i.conn_params_negotiation) refers to ble_conn_params.o(.bss) for .bss
    ble_conn_params.o(i.is_conn_params_ok) refers to ble_conn_params.o(.data) for .data
    ble_conn_params.o(i.update_timeout_handler) refers to ble_conn_params.o(.data) for .data
    ble_conn_params.o(i.update_timeout_handler) refers to ble_conn_params.o(.bss) for .bss
    nrf_delay.o(i.nrf_delay_ms) refers to nrf_delay.o(.emb_text) for __asm___11_nrf_delay_c_532987f3__nrf_delay_us
    app_uart_fifo.o(i.UART0_IRQHandler) refers to app_fifo.o(i.app_fifo_put) for app_fifo_put
    app_uart_fifo.o(i.UART0_IRQHandler) refers to app_uart_fifo.o(i.on_uart_event) for on_uart_event
    app_uart_fifo.o(i.UART0_IRQHandler) refers to app_uart_fifo.o(.data) for .data
    app_uart_fifo.o(i.UART0_IRQHandler) refers to app_uart_fifo.o(.bss) for .bss
    app_uart_fifo.o(i.action_tx_send) refers to app_fifo.o(i.app_fifo_get) for app_fifo_get
    app_uart_fifo.o(i.action_tx_send) refers to app_uart_fifo.o(i.action_tx_stop) for action_tx_stop
    app_uart_fifo.o(i.action_tx_send) refers to app_uart_fifo.o(.data) for .data
    app_uart_fifo.o(i.action_tx_send) refers to app_uart_fifo.o(.bss) for .bss
    app_uart_fifo.o(i.action_tx_stop) refers to app_uart_fifo.o(.data) for .data
    app_uart_fifo.o(i.action_uart_deactivate) refers to app_uart_fifo.o(.data) for .data
    app_uart_fifo.o(i.app_uart_close) refers to app_uart_fifo.o(i.on_uart_event) for on_uart_event
    app_uart_fifo.o(i.app_uart_close) refers to app_gpiote.o(i.app_gpiote_user_disable) for app_gpiote_user_disable
    app_uart_fifo.o(i.app_uart_close) refers to app_uart_fifo.o(.data) for .data
    app_uart_fifo.o(i.app_uart_flush) refers to app_fifo.o(i.app_fifo_flush) for app_fifo_flush
    app_uart_fifo.o(i.app_uart_flush) refers to app_uart_fifo.o(.bss) for .bss
    app_uart_fifo.o(i.app_uart_get) refers to app_fifo.o(i.app_fifo_get) for app_fifo_get
    app_uart_fifo.o(i.app_uart_get) refers to app_uart_fifo.o(.bss) for .bss
    app_uart_fifo.o(i.app_uart_get_connection_state) refers to app_uart_fifo.o(.data) for .data
    app_uart_fifo.o(i.app_uart_init) refers to app_fifo.o(i.app_fifo_init) for app_fifo_init
    app_uart_fifo.o(i.app_uart_init) refers to app_gpiote.o(i.app_gpiote_user_register) for app_gpiote_user_register
    app_uart_fifo.o(i.app_uart_init) refers to app_gpiote.o(i.app_gpiote_pins_state_get) for app_gpiote_pins_state_get
    app_uart_fifo.o(i.app_uart_init) refers to app_gpiote.o(i.app_gpiote_user_enable) for app_gpiote_user_enable
    app_uart_fifo.o(i.app_uart_init) refers to app_uart_fifo.o(i.on_uart_event) for on_uart_event
    app_uart_fifo.o(i.app_uart_init) refers to app_uart_fifo.o(.data) for .data
    app_uart_fifo.o(i.app_uart_init) refers to app_uart_fifo.o(.bss) for .bss
    app_uart_fifo.o(i.app_uart_init) refers to app_uart_fifo.o(i.gpiote_uart_event_handler) for gpiote_uart_event_handler
    app_uart_fifo.o(i.app_uart_put) refers to app_fifo.o(i.app_fifo_put) for app_fifo_put
    app_uart_fifo.o(i.app_uart_put) refers to app_uart_fifo.o(i.on_uart_event) for on_uart_event
    app_uart_fifo.o(i.app_uart_put) refers to app_uart_fifo.o(.bss) for .bss
    app_uart_fifo.o(i.gpiote_uart_event_handler) refers to app_gpiote.o(i.app_gpiote_pins_state_get) for app_gpiote_pins_state_get
    app_uart_fifo.o(i.gpiote_uart_event_handler) refers to app_uart_fifo.o(i.on_uart_event) for on_uart_event
    app_uart_fifo.o(i.gpiote_uart_event_handler) refers to app_uart_fifo.o(.data) for .data
    app_uart_fifo.o(i.on_uart_event) refers to bsp.o(i.__ARM_common_switch8) for __ARM_common_switch8
    app_uart_fifo.o(i.on_uart_event) refers to app_uart_fifo.o(i.action_tx_send) for action_tx_send
    app_uart_fifo.o(i.on_uart_event) refers to app_uart_fifo.o(i.action_uart_deactivate) for action_uart_deactivate
    app_uart_fifo.o(i.on_uart_event) refers to app_uart_fifo.o(i.action_tx_stop) for action_tx_stop
    app_uart_fifo.o(i.on_uart_event) refers to app_uart_fifo.o(.bss) for .bss
    app_uart_fifo.o(i.on_uart_event) refers to app_uart_fifo.o(.data) for .data
    pstorage.o(i.app_notify) refers to pstorage.o(.bss) for .bss
    pstorage.o(i.cmd_process) refers to uidiv.o(.text) for __aeabi_uidivmod
    pstorage.o(i.cmd_process) refers to pstorage.o(i.swap_state_process) for swap_state_process
    pstorage.o(i.cmd_process) refers to pstorage.o(.bss) for .bss
    pstorage.o(i.cmd_process) refers to pstorage.o(.data) for .data
    pstorage.o(i.cmd_queue_dequeue) refers to pstorage.o(i.cmd_process) for cmd_process
    pstorage.o(i.cmd_queue_dequeue) refers to pstorage.o(.bss) for .bss
    pstorage.o(i.cmd_queue_element_init) refers to pstorage.o(.bss) for .bss
    pstorage.o(i.cmd_queue_enqueue) refers to pstorage.o(i.cmd_process) for cmd_process
    pstorage.o(i.cmd_queue_enqueue) refers to pstorage.o(.bss) for .bss
    pstorage.o(i.pstorage_access_status_get) refers to pstorage.o(.data) for .data
    pstorage.o(i.pstorage_access_status_get) refers to pstorage.o(.bss) for .bss
    pstorage.o(i.pstorage_block_identifier_get) refers to pstorage.o(.data) for .data
    pstorage.o(i.pstorage_block_identifier_get) refers to pstorage.o(.bss) for .bss
    pstorage.o(i.pstorage_clear) refers to pstorage.o(i.is_word_aligned) for is_word_aligned
    pstorage.o(i.pstorage_clear) refers to uidiv.o(.text) for __aeabi_uidivmod
    pstorage.o(i.pstorage_clear) refers to pstorage.o(i.cmd_queue_enqueue) for cmd_queue_enqueue
    pstorage.o(i.pstorage_clear) refers to pstorage.o(.data) for .data
    pstorage.o(i.pstorage_clear) refers to pstorage.o(.bss) for .bss
    pstorage.o(i.pstorage_init) refers to pstorage.o(i.cmd_queue_element_init) for cmd_queue_element_init
    pstorage.o(i.pstorage_init) refers to uidiv.o(.text) for __aeabi_uidivmod
    pstorage.o(i.pstorage_init) refers to pstorage.o(.data) for .data
    pstorage.o(i.pstorage_init) refers to pstorage.o(.bss) for .bss
    pstorage.o(i.pstorage_load) refers to pstorage.o(i.is_word_aligned) for is_word_aligned
    pstorage.o(i.pstorage_load) refers to memmovea.o(.text) for __aeabi_memcpy
    pstorage.o(i.pstorage_load) refers to pstorage.o(.data) for .data
    pstorage.o(i.pstorage_load) refers to pstorage.o(.bss) for .bss
    pstorage.o(i.pstorage_register) refers to uidiv.o(.text) for __aeabi_uidivmod
    pstorage.o(i.pstorage_register) refers to pstorage.o(.data) for .data
    pstorage.o(i.pstorage_register) refers to pstorage.o(.bss) for .bss
    pstorage.o(i.pstorage_store) refers to pstorage.o(i.is_word_aligned) for is_word_aligned
    pstorage.o(i.pstorage_store) refers to pstorage.o(i.cmd_queue_enqueue) for cmd_queue_enqueue
    pstorage.o(i.pstorage_store) refers to pstorage.o(.data) for .data
    pstorage.o(i.pstorage_store) refers to pstorage.o(.bss) for .bss
    pstorage.o(i.pstorage_sys_event_handler) refers to pstorage.o(i.cmd_queue_dequeue) for cmd_queue_dequeue
    pstorage.o(i.pstorage_sys_event_handler) refers to pstorage.o(i.app_notify) for app_notify
    pstorage.o(i.pstorage_sys_event_handler) refers to pstorage.o(i.cmd_queue_element_init) for cmd_queue_element_init
    pstorage.o(i.pstorage_sys_event_handler) refers to pstorage.o(.bss) for .bss
    pstorage.o(i.pstorage_sys_event_handler) refers to pstorage.o(.data) for .data
    pstorage.o(i.pstorage_update) refers to pstorage.o(i.is_word_aligned) for is_word_aligned
    pstorage.o(i.pstorage_update) refers to pstorage.o(i.cmd_queue_enqueue) for cmd_queue_enqueue
    pstorage.o(i.pstorage_update) refers to pstorage.o(.data) for .data
    pstorage.o(i.pstorage_update) refers to pstorage.o(.bss) for .bss
    pstorage.o(i.swap_state_process) refers to bsp.o(i.__ARM_common_switch8) for __ARM_common_switch8
    pstorage.o(i.swap_state_process) refers to uidiv.o(.text) for __aeabi_uidivmod
    pstorage.o(i.swap_state_process) refers to pstorage.o(.data) for .data
    app_button.o(i.app_button_disable) refers to app_gpiote.o(i.app_gpiote_user_disable) for app_gpiote_user_disable
    app_button.o(i.app_button_disable) refers to app_timer.o(i.app_timer_stop) for app_timer_stop
    app_button.o(i.app_button_disable) refers to app_button.o(.data) for .data
    app_button.o(i.app_button_enable) refers to app_gpiote.o(i.app_gpiote_user_enable) for app_gpiote_user_enable
    app_button.o(i.app_button_enable) refers to app_button.o(.data) for .data
    app_button.o(i.app_button_init) refers to app_gpiote.o(i.app_gpiote_user_register) for app_gpiote_user_register
    app_button.o(i.app_button_init) refers to app_timer.o(i.app_timer_create) for app_timer_create
    app_button.o(i.app_button_init) refers to app_button.o(.data) for .data
    app_button.o(i.app_button_init) refers to app_button.o(i.gpiote_event_handler) for gpiote_event_handler
    app_button.o(i.app_button_init) refers to app_button.o(i.detection_delay_timeout_handler) for detection_delay_timeout_handler
    app_button.o(i.app_button_is_pushed) refers to app_gpiote.o(i.app_gpiote_pins_state_get) for app_gpiote_pins_state_get
    app_button.o(i.app_button_is_pushed) refers to app_button.o(.data) for .data
    app_button.o(i.button_handler_execute) refers to app_error.o(i.app_error_handler) for app_error_handler
    app_button.o(i.button_handler_execute) refers to app_button.o(.data) for .data
    app_button.o(i.detection_delay_timeout_handler) refers to app_gpiote.o(i.app_gpiote_pins_state_get) for app_gpiote_pins_state_get
    app_button.o(i.detection_delay_timeout_handler) refers to app_button.o(i.button_handler_execute) for button_handler_execute
    app_button.o(i.detection_delay_timeout_handler) refers to app_button.o(.data) for .data
    app_button.o(i.gpiote_event_handler) refers to app_timer.o(i.app_timer_stop) for app_timer_stop
    app_button.o(i.gpiote_event_handler) refers to app_timer.o(i.app_timer_start) for app_timer_start
    app_button.o(i.gpiote_event_handler) refers to app_button.o(.data) for .data
    app_gpiote.o(i.GPIOTE_IRQHandler) refers to app_gpiote.o(i.sense_level_toggle) for sense_level_toggle
    app_gpiote.o(i.GPIOTE_IRQHandler) refers to app_gpiote.o(.data) for .data
    app_gpiote.o(i.app_gpiote_init) refers to memseta.o(.text) for __aeabi_memclr4
    app_gpiote.o(i.app_gpiote_init) refers to app_gpiote.o(.data) for .data
    app_gpiote.o(i.app_gpiote_pins_state_get) refers to app_gpiote.o(.data) for .data
    app_gpiote.o(i.app_gpiote_user_disable) refers to app_gpiote.o(i.pins_sense_disable) for pins_sense_disable
    app_gpiote.o(i.app_gpiote_user_disable) refers to app_gpiote.o(.data) for .data
    app_gpiote.o(i.app_gpiote_user_enable) refers to app_gpiote.o(.data) for .data
    app_gpiote.o(i.app_gpiote_user_register) refers to app_gpiote.o(i.pins_sense_disable) for pins_sense_disable
    app_gpiote.o(i.app_gpiote_user_register) refers to app_gpiote.o(.data) for .data
    app_gpiote.o(i.pins_sense_disable) refers to app_gpiote.o(.data) for .data
    app_scheduler.o(i.app_sched_event_get) refers to app_scheduler.o(.data) for .data
    app_scheduler.o(i.app_sched_event_put) refers to app_error.o(i.app_error_handler) for app_error_handler
    app_scheduler.o(i.app_sched_event_put) refers to memmovea.o(.text) for __aeabi_memcpy
    app_scheduler.o(i.app_sched_event_put) refers to app_scheduler.o(.data) for .data
    app_scheduler.o(i.app_sched_execute) refers to app_scheduler.o(i.app_sched_event_get) for app_sched_event_get
    app_scheduler.o(i.app_sched_init) refers to app_scheduler.o(.data) for .data
    app_timer.o(i.RTC1_IRQHandler) refers to app_timer.o(i.timer_timeouts_check) for timer_timeouts_check
    app_timer.o(i.SWI0_IRQHandler) refers to app_timer.o(i.elapsed_ticks_acquire) for elapsed_ticks_acquire
    app_timer.o(i.SWI0_IRQHandler) refers to app_timer.o(i.list_deletions_handler) for list_deletions_handler
    app_timer.o(i.SWI0_IRQHandler) refers to app_timer.o(i.expired_timers_handler) for expired_timers_handler
    app_timer.o(i.SWI0_IRQHandler) refers to app_timer.o(i.list_insertions_handler) for list_insertions_handler
    app_timer.o(i.SWI0_IRQHandler) refers to app_timer.o(i.compare_reg_update) for compare_reg_update
    app_timer.o(i.SWI0_IRQHandler) refers to app_timer.o(.data) for .data
    app_timer.o(i.app_timer_create) refers to app_timer.o(.data) for .data
    app_timer.o(i.app_timer_init) refers to app_timer.o(i.rtc1_stop) for rtc1_stop
    app_timer.o(i.app_timer_init) refers to app_timer.o(i.NVIC_SetPriority) for NVIC_SetPriority
    app_timer.o(i.app_timer_init) refers to app_timer.o(.data) for .data
    app_timer.o(i.app_timer_start) refers to app_timer.o(i.user_id_get) for user_id_get
    app_timer.o(i.app_timer_start) refers to app_timer.o(i.user_op_alloc) for user_op_alloc
    app_timer.o(i.app_timer_start) refers to app_timer.o(i.timer_list_handler_sched) for timer_list_handler_sched
    app_timer.o(i.app_timer_start) refers to app_timer.o(.data) for .data
    app_timer.o(i.app_timer_stop) refers to app_timer.o(i.user_id_get) for user_id_get
    app_timer.o(i.app_timer_stop) refers to app_timer.o(i.user_op_alloc) for user_op_alloc
    app_timer.o(i.app_timer_stop) refers to app_timer.o(i.timer_list_handler_sched) for timer_list_handler_sched
    app_timer.o(i.app_timer_stop) refers to app_timer.o(.data) for .data
    app_timer.o(i.app_timer_stop_all) refers to app_timer.o(i.user_id_get) for user_id_get
    app_timer.o(i.app_timer_stop_all) refers to app_timer.o(i.user_op_alloc) for user_op_alloc
    app_timer.o(i.app_timer_stop_all) refers to app_timer.o(i.timer_list_handler_sched) for timer_list_handler_sched
    app_timer.o(i.app_timer_stop_all) refers to app_timer.o(.data) for .data
    app_timer.o(i.compare_reg_update) refers to app_timer.o(.emb_text) for __asm___11_app_timer_c_cd27f9c3__nrf_delay_us
    app_timer.o(i.compare_reg_update) refers to app_timer.o(i.rtc1_stop) for rtc1_stop
    app_timer.o(i.compare_reg_update) refers to app_timer.o(.data) for .data
    app_timer.o(i.elapsed_ticks_acquire) refers to app_timer.o(.data) for .data
    app_timer.o(i.expired_timers_handler) refers to app_timer.o(.data) for .data
    app_timer.o(i.list_deletions_handler) refers to app_timer.o(i.timer_list_remove) for timer_list_remove
    app_timer.o(i.list_deletions_handler) refers to app_timer.o(.data) for .data
    app_timer.o(i.list_insertions_handler) refers to app_timer.o(i.timer_list_insert) for timer_list_insert
    app_timer.o(i.list_insertions_handler) refers to app_timer.o(.data) for .data
    app_timer.o(i.rtc1_stop) refers to app_timer.o(.emb_text) for __asm___11_app_timer_c_cd27f9c3__nrf_delay_us
    app_timer.o(i.rtc1_stop) refers to app_timer.o(.data) for .data
    app_timer.o(i.timer_list_insert) refers to app_timer.o(.data) for .data
    app_timer.o(i.timer_list_remove) refers to app_timer.o(.data) for .data
    app_timer.o(i.timer_timeouts_check) refers to app_error.o(i.app_error_handler) for app_error_handler
    app_timer.o(i.timer_timeouts_check) refers to app_timer.o(i.timer_list_handler_sched) for timer_list_handler_sched
    app_timer.o(i.timer_timeouts_check) refers to app_timer.o(.data) for .data
    retarget.o(i.fgetc) refers to app_uart_fifo.o(i.app_uart_get) for app_uart_get
    retarget.o(i.fputc) refers to app_uart_fifo.o(i.app_uart_put) for app_uart_put
    softdevice_handler.o(i.SWI2_IRQHandler) refers to app_error.o(i.app_error_handler) for app_error_handler
    softdevice_handler.o(i.SWI2_IRQHandler) refers to softdevice_handler.o(i.intern_softdevice_events_execute) for intern_softdevice_events_execute
    softdevice_handler.o(i.SWI2_IRQHandler) refers to softdevice_handler.o(.data) for .data
    softdevice_handler.o(i.intern_softdevice_events_execute) refers to app_error.o(i.app_error_handler) for app_error_handler
    softdevice_handler.o(i.intern_softdevice_events_execute) refers to softdevice_handler.o(.data) for .data
    softdevice_handler.o(i.softdevice_assertion_handler) refers (Weak) to main.o(i.assert_nrf_callback) for assert_nrf_callback
    softdevice_handler.o(i.softdevice_ble_evt_handler_set) refers to softdevice_handler.o(.data) for .data
    softdevice_handler.o(i.softdevice_handler_init) refers to softdevice_handler.o(.data) for .data
    softdevice_handler.o(i.softdevice_handler_init) refers to softdevice_handler.o(i.softdevice_assertion_handler) for softdevice_assertion_handler
    softdevice_handler.o(i.softdevice_handler_sd_disable) refers to softdevice_handler.o(.data) for .data
    softdevice_handler.o(i.softdevice_sys_evt_handler_set) refers to softdevice_handler.o(.data) for .data
    entry.o(.ARM.Collect$$$$00000000) refers (Special) to entry10a.o(.ARM.Collect$$$$0000000D) for __rt_final_cpp
    entry.o(.ARM.Collect$$$$00000000) refers (Special) to entry11a.o(.ARM.Collect$$$$0000000F) for __rt_final_exit
    entry.o(.ARM.Collect$$$$00000000) refers (Special) to entry7b.o(.ARM.Collect$$$$00000008) for _main_clock
    entry.o(.ARM.Collect$$$$00000000) refers (Special) to entry8b.o(.ARM.Collect$$$$0000000A) for _main_cpp_init
    entry.o(.ARM.Collect$$$$00000000) refers (Special) to entry9a.o(.ARM.Collect$$$$0000000B) for _main_init
    entry.o(.ARM.Collect$$$$00000000) refers (Special) to entry5.o(.ARM.Collect$$$$00000004) for _main_scatterload
    entry.o(.ARM.Collect$$$$00000000) refers (Special) to entry2.o(.ARM.Collect$$$$00000001) for _main_stk
    entry2.o(.ARM.Collect$$$$00000001) refers to entry2.o(.ARM.Collect$$$$00002712) for __lit__00000000
    entry2.o(.ARM.Collect$$$$00002712) refers to arm_startup_nrf51.o(STACK) for __initial_sp
    entry2.o(__vectab_stack_and_reset_area) refers to arm_startup_nrf51.o(STACK) for __initial_sp
    entry2.o(__vectab_stack_and_reset_area) refers to entry.o(.ARM.Collect$$$$00000000) for __main
    entry5.o(.ARM.Collect$$$$00000004) refers to init.o(.text) for __scatterload
    entry9a.o(.ARM.Collect$$$$0000000B) refers to main.o(i.main) for main
    entry9b.o(.ARM.Collect$$$$0000000C) refers to main.o(i.main) for main
    init.o(.text) refers to entry5.o(.ARM.Collect$$$$00000004) for __main_after_scatterload


==============================================================================

Removing Unused input sections from the image.

    Removing main.o(.rev16_text), (4 bytes).
    Removing main.o(.revsh_text), (4 bytes).
    Removing main.o(i.assert_nrf_callback), (20 bytes).
    Removing bsp.o(.rev16_text), (4 bytes).
    Removing bsp.o(.revsh_text), (4 bytes).
    Removing bsp.o(i.bsp_buttons_state_get), (60 bytes).
    Removing bsp.o(i.bsp_indication_text_set), (8 bytes).
    Removing arm_startup_nrf51.o(HEAP), (2048 bytes).
    Removing system_nrf51.o(.rev16_text), (4 bytes).
    Removing system_nrf51.o(.revsh_text), (4 bytes).
    Removing system_nrf51.o(i.SystemCoreClockUpdate), (16 bytes).
    Removing ble_hrs.o(i.ble_hrs_body_sensor_location_set), (20 bytes).
    Removing ble_hrs.o(i.ble_hrs_rr_interval_buffer_is_full), (16 bytes).
    Removing ble_hrs.o(i.ble_hrs_sensor_contact_supported_set), (24 bytes).
    Removing device_manager_peripheral.o(i.device_instance_free), (44 bytes).
    Removing device_manager_peripheral.o(i.dm_application_context_delete), (8 bytes).
    Removing device_manager_peripheral.o(i.dm_application_context_get), (8 bytes).
    Removing device_manager_peripheral.o(i.dm_application_context_set), (8 bytes).
    Removing device_manager_peripheral.o(i.dm_application_instance_set), (64 bytes).
    Removing device_manager_peripheral.o(i.dm_device_add), (8 bytes).
    Removing device_manager_peripheral.o(i.dm_device_delete), (92 bytes).
    Removing device_manager_peripheral.o(i.dm_device_delete_all), (92 bytes).
    Removing device_manager_peripheral.o(i.dm_distributed_keys_get), (128 bytes).
    Removing device_manager_peripheral.o(i.dm_peer_addr_get), (128 bytes).
    Removing device_manager_peripheral.o(i.dm_peer_addr_set), (136 bytes).
    Removing device_manager_peripheral.o(i.dm_security_setup_req), (92 bytes).
    Removing device_manager_peripheral.o(i.dm_security_status_req), (108 bytes).
    Removing device_manager_peripheral.o(i.dm_service_context_delete), (88 bytes).
    Removing device_manager_peripheral.o(i.dm_service_context_get), (184 bytes).
    Removing device_manager_peripheral.o(i.dm_service_context_set), (164 bytes).
    Removing device_manager_peripheral.o(i.dm_whitelist_create), (152 bytes).
    Removing device_manager_peripheral.o(.constdata), (4 bytes).
    Removing ble_conn_params.o(i.ble_conn_params_change_conn_params), (80 bytes).
    Removing ble_conn_params.o(i.ble_conn_params_stop), (16 bytes).
    Removing nrf_delay.o(.rev16_text), (4 bytes).
    Removing nrf_delay.o(.revsh_text), (4 bytes).
    Removing nrf_delay.o(.emb_text), (30 bytes).
    Removing nrf_delay.o(i.nrf_delay_ms), (28 bytes).
    Removing app_uart_fifo.o(.rev16_text), (4 bytes).
    Removing app_uart_fifo.o(.revsh_text), (4 bytes).
    Removing app_uart_fifo.o(i.app_uart_close), (48 bytes).
    Removing app_uart_fifo.o(i.app_uart_flush), (28 bytes).
    Removing app_uart_fifo.o(i.app_uart_get), (16 bytes).
    Removing app_uart_fifo.o(i.app_uart_get_connection_state), (20 bytes).
    Removing app_uart_fifo.o(i.app_uart_init), (468 bytes).
    Removing app_uart_fifo.o(i.app_uart_put), (28 bytes).
    Removing app_uart_fifo.o(i.gpiote_uart_event_handler), (64 bytes).
    Removing pstorage.o(.rev16_text), (4 bytes).
    Removing pstorage.o(.revsh_text), (4 bytes).
    Removing app_button.o(.rev16_text), (4 bytes).
    Removing app_button.o(.revsh_text), (4 bytes).
    Removing app_button.o(i.app_button_disable), (36 bytes).
    Removing app_button.o(i.app_button_is_pushed), (92 bytes).
    Removing app_error.o(.rev16_text), (4 bytes).
    Removing app_error.o(.revsh_text), (4 bytes).
    Removing app_fifo.o(i.app_fifo_flush), (8 bytes).
    Removing app_fifo.o(i.app_fifo_init), (36 bytes).
    Removing app_gpiote.o(.rev16_text), (4 bytes).
    Removing app_gpiote.o(.revsh_text), (4 bytes).
    Removing app_gpiote.o(i.app_gpiote_user_disable), (64 bytes).
    Removing app_scheduler.o(.rev16_text), (4 bytes).
    Removing app_scheduler.o(.revsh_text), (4 bytes).
    Removing app_scheduler.o(i.app_sched_event_get), (68 bytes).
    Removing app_scheduler.o(i.app_sched_event_put), (256 bytes).
    Removing app_scheduler.o(i.app_sched_execute), (30 bytes).
    Removing app_scheduler.o(i.app_sched_init), (44 bytes).
    Removing app_scheduler.o(.data), (16 bytes).
    Removing app_timer.o(.rev16_text), (4 bytes).
    Removing app_timer.o(.revsh_text), (4 bytes).
    Removing app_timer.o(i.app_timer_cnt_diff_compute), (12 bytes).
    Removing app_timer.o(i.app_timer_cnt_get), (16 bytes).
    Removing app_timer.o(i.app_timer_stop_all), (68 bytes).
    Removing retarget.o(.rev16_text), (4 bytes).
    Removing retarget.o(.revsh_text), (4 bytes).
    Removing retarget.o(i.fgetc), (18 bytes).
    Removing retarget.o(i.fputc), (14 bytes).
    Removing retarget.o(.data), (4 bytes).
    Removing retarget.o(.data), (4 bytes).
    Removing softdevice_handler.o(.rev16_text), (4 bytes).
    Removing softdevice_handler.o(.revsh_text), (4 bytes).
    Removing softdevice_handler.o(i.softdevice_handler_sd_disable), (24 bytes).

81 unused section(s) (total 5460 bytes) removed from the image.

==============================================================================

Memory Map of the image

  Image Entry point : 0x00000000

  Load Region LR_IROM1 (Base: 0x00016000, Size: 0x00003d88, Max: 0x00029000, ABSOLUTE)

    Execution Region ER_IROM1 (Base: 0x00016000, Size: 0x00003c40, Max: 0x00029000, ABSOLUTE)

    Base Addr    Size         Type   Attr      Idx    E Section Name        Object

    0x00016000   0x000000c0   Data   RO          404    RESET               arm_startup_nrf51.o
    0x000160c0   0x00000000   Code   RO         1758  * .ARM.Collect$$$$00000000  mc_p.l(entry.o)
    0x000160c0   0x00000004   Code   RO         1777    .ARM.Collect$$$$00000001  mc_p.l(entry2.o)
    0x000160c4   0x00000004   Code   RO         1780    .ARM.Collect$$$$00000004  mc_p.l(entry5.o)
    0x000160c8   0x00000000   Code   RO         1782    .ARM.Collect$$$$00000008  mc_p.l(entry7b.o)
    0x000160c8   0x00000000   Code   RO         1784    .ARM.Collect$$$$0000000A  mc_p.l(entry8b.o)
    0x000160c8   0x00000008   Code   RO         1785    .ARM.Collect$$$$0000000B  mc_p.l(entry9a.o)
    0x000160d0   0x00000000   Code   RO         1787    .ARM.Collect$$$$0000000D  mc_p.l(entry10a.o)
    0x000160d0   0x00000000   Code   RO         1789    .ARM.Collect$$$$0000000F  mc_p.l(entry11a.o)
    0x000160d0   0x00000004   Code   RO         1778    .ARM.Collect$$$$00002712  mc_p.l(entry2.o)
    0x000160d4   0x0000001e   Code   RO         1477    .emb_text           app_timer.o
    0x000160f2   0x00000002   PAD
    0x000160f4   0x00000038   Code   RO          405    .text               arm_startup_nrf51.o
    0x0001612c   0x0000002c   Code   RO         1761    .text               mc_p.l(uidiv.o)
    0x00016158   0x00000040   Code   RO         1765    .text               mc_p.l(memmovea.o)
    0x00016198   0x00000024   Code   RO         1767    .text               mc_p.l(memseta.o)
    0x000161bc   0x0000000e   Code   RO         1769    .text               mc_p.l(strlen.o)
    0x000161ca   0x0000001a   Code   RO         1771    .text               mc_p.l(memcmp.o)
    0x000161e4   0x00000024   Code   RO         1791    .text               mc_p.l(init.o)
    0x00016208   0x0000008c   Code   RO         1367    i.GPIOTE_IRQHandler  app_gpiote.o
    0x00016294   0x00000044   Code   RO         1478    i.NVIC_SetPriority  app_timer.o
    0x000162d8   0x00000020   Code   RO         1479    i.RTC1_IRQHandler   app_timer.o
    0x000162f8   0x00000054   Code   RO         1480    i.SWI0_IRQHandler   app_timer.o
    0x0001634c   0x00000024   Code   RO         1702    i.SWI2_IRQHandler   softdevice_handler.o
    0x00016370   0x00000054   Code   RO          412    i.SystemInit        system_nrf51.o
    0x000163c4   0x00000080   Code   RO         1017    i.UART0_IRQHandler  app_uart_fifo.o
    0x00016444   0x0000001a   Code   RO          377    i.__ARM_common_switch8  bsp.o
    0x0001645e   0x00000002   PAD
    0x00016460   0x0000004c   Code   RO         1018    i.action_tx_send    app_uart_fifo.o
    0x000164ac   0x00000024   Code   RO         1019    i.action_tx_stop    app_uart_fifo.o
    0x000164d0   0x00000020   Code   RO         1020    i.action_uart_deactivate  app_uart_fifo.o
    0x000164f0   0x00000168   Code   RO          865    i.adv_data_encode   ble_advdata.o
    0x00016658   0x0000006c   Code   RO            3    i.advertising_init  main.o
    0x000166c4   0x00000050   Code   RO            4    i.advertising_start  main.o
    0x00016714   0x00000018   Code   RO          305    i.alert_timer_handler  bsp.o
    0x0001672c   0x0000001c   Code   RO         1239    i.app_button_enable  app_button.o
    0x00016748   0x00000070   Code   RO         1240    i.app_button_init   app_button.o
    0x000167b8   0x00000018   Code   RO         1311    i.app_error_handler  app_error.o
    0x000167d0   0x0000000c   Code   RO          612    i.app_evt_notify    device_manager_peripheral.o
    0x000167dc   0x00000022   Code   RO         1333    i.app_fifo_get      app_fifo.o
    0x000167fe   0x00000022   Code   RO         1335    i.app_fifo_put      app_fifo.o
    0x00016820   0x00000064   Code   RO         1368    i.app_gpiote_init   app_gpiote.o
    0x00016884   0x00000034   Code   RO         1369    i.app_gpiote_pins_state_get  app_gpiote.o
    0x000168b8   0x00000094   Code   RO         1371    i.app_gpiote_user_enable  app_gpiote.o
    0x0001694c   0x0000004c   Code   RO         1372    i.app_gpiote_user_register  app_gpiote.o
    0x00016998   0x0000002c   Code   RO         1120    i.app_notify        pstorage.o
    0x000169c4   0x0000004c   Code   RO         1483    i.app_timer_create  app_timer.o
    0x00016a10   0x000000b4   Code   RO         1484    i.app_timer_init    app_timer.o
    0x00016ac4   0x00000084   Code   RO         1485    i.app_timer_start   app_timer.o
    0x00016b48   0x00000058   Code   RO         1486    i.app_timer_stop    app_timer.o
    0x00016ba0   0x00000070   Code   RO            5    i.application_timers_start  main.o
    0x00016c10   0x00000138   Code   RO          446    i.battery_level_char_add  ble_bas.o
    0x00016d48   0x00000044   Code   RO            7    i.battery_level_meas_timeout_handler  main.o
    0x00016d8c   0x00000066   Code   RO          866    i.ble_advdata_set   ble_advdata.o
    0x00016df2   0x00000002   PAD
    0x00016df4   0x00000064   Code   RO          447    i.ble_bas_battery_level_update  ble_bas.o
    0x00016e58   0x0000003c   Code   RO          448    i.ble_bas_init      ble_bas.o
    0x00016e94   0x00000056   Code   RO          449    i.ble_bas_on_ble_evt  ble_bas.o
    0x00016eea   0x00000002   PAD
    0x00016eec   0x00000054   Code   RO          921    i.ble_conn_params_init  ble_conn_params.o
    0x00016f40   0x00000090   Code   RO          922    i.ble_conn_params_on_ble_evt  ble_conn_params.o
    0x00016fd0   0x00000140   Code   RO          484    i.ble_dis_init      ble_dis.o
    0x00017110   0x0000002c   Code   RO            8    i.ble_evt_dispatch  main.o
    0x0001713c   0x00000058   Code   RO          523    i.ble_hrs_heart_rate_measurement_send  ble_hrs.o
    0x00017194   0x0000005c   Code   RO          524    i.ble_hrs_init      ble_hrs.o
    0x000171f0   0x00000050   Code   RO          525    i.ble_hrs_on_ble_evt  ble_hrs.o
    0x00017240   0x0000002e   Code   RO          526    i.ble_hrs_rr_interval_add  ble_hrs.o
    0x0001726e   0x00000006   Code   RO          528    i.ble_hrs_sensor_contact_detected_update  ble_hrs.o
    0x00017274   0x00000018   Code   RO         1636    i.ble_sensorsim_init  ble_sensorsim.o
    0x0001728c   0x00000036   Code   RO         1637    i.ble_sensorsim_measure  ble_sensorsim.o
    0x000172c2   0x00000012   Code   RO          594    i.ble_srv_ascii_to_utf8  ble_srv_common.o
    0x000172d4   0x0000000c   Code   RO          595    i.ble_srv_report_ref_encode  ble_srv_common.o
    0x000172e0   0x00000064   Code   RO            9    i.ble_stack_init    main.o
    0x00017344   0x00000088   Code   RO          530    i.body_sensor_location_char_add  ble_hrs.o
    0x000173cc   0x00000048   Code   RO          613    i.bond_data_load    device_manager_peripheral.o
    0x00017414   0x00000040   Code   RO          306    i.bsp_button_event_handler  bsp.o
    0x00017454   0x00000030   Code   RO          307    i.bsp_button_is_pressed  bsp.o
    0x00017484   0x0000004c   Code   RO          308    i.bsp_buttons_enable  bsp.o
    0x000174d0   0x00000018   Code   RO          310    i.bsp_event_to_button_assign  bsp.o
    0x000174e8   0x0000001c   Code   RO          311    i.bsp_indication_set  bsp.o
    0x00017504   0x000000a0   Code   RO          313    i.bsp_init          bsp.o
    0x000175a4   0x000001f0   Code   RO          314    i.bsp_led_indication  bsp.o
    0x00017794   0x00000040   Code   RO         1242    i.button_handler_execute  app_button.o
    0x000177d4   0x000000a0   Code   RO          485    i.char_add          ble_dis.o
    0x00017874   0x000000ec   Code   RO         1121    i.cmd_process       pstorage.o
    0x00017960   0x00000020   Code   RO         1122    i.cmd_queue_dequeue  pstorage.o
    0x00017980   0x00000020   Code   RO         1123    i.cmd_queue_element_init  pstorage.o
    0x000179a0   0x00000050   Code   RO         1124    i.cmd_queue_enqueue  pstorage.o
    0x000179f0   0x000000a4   Code   RO         1488    i.compare_reg_update  app_timer.o
    0x00017a94   0x00000084   Code   RO          867    i.conn_int_encode   ble_advdata.o
    0x00017b18   0x0000000c   Code   RO           10    i.conn_params_error_handler  main.o
    0x00017b24   0x00000064   Code   RO          924    i.conn_params_negotiation  ble_conn_params.o
    0x00017b88   0x00000030   Code   RO          614    i.connection_instance_find  device_manager_peripheral.o
    0x00017bb8   0x00000024   Code   RO          615    i.connection_instance_init  device_manager_peripheral.o
    0x00017bdc   0x00000068   Code   RO         1243    i.detection_delay_timeout_handler  app_button.o
    0x00017c44   0x000000b0   Code   RO          616    i.device_context_store  device_manager_peripheral.o
    0x00017cf4   0x00000054   Code   RO          617    i.device_instance_allocate  device_manager_peripheral.o
    0x00017d48   0x00000048   Code   RO          618    i.device_instance_find  device_manager_peripheral.o
    0x00017d90   0x00000012   Code   RO           11    i.device_manager_evt_handler  main.o
    0x00017da2   0x00000002   PAD
    0x00017da4   0x00000088   Code   RO           12    i.device_manager_init  main.o
    0x00017e2c   0x00000330   Code   RO          624    i.dm_ble_evt_handler  device_manager_peripheral.o
    0x0001815c   0x0000001c   Code   RO          629    i.dm_handle_initialize  device_manager_peripheral.o
    0x00018178   0x000000c0   Code   RO          630    i.dm_init           device_manager_peripheral.o
    0x00018238   0x00000150   Code   RO          633    i.dm_pstorage_cb_handler  device_manager_peripheral.o
    0x00018388   0x00000058   Code   RO          634    i.dm_register       device_manager_peripheral.o
    0x000183e0   0x00000040   Code   RO         1489    i.elapsed_ticks_acquire  app_timer.o
    0x00018420   0x00000058   Code   RO         1490    i.expired_timers_handler  app_timer.o
    0x00018478   0x00000004   Code   RO          641    i.gattc_context_apply  device_manager_peripheral.o
    0x0001847c   0x00000004   Code   RO          642    i.gattc_context_load  device_manager_peripheral.o
    0x00018480   0x00000004   Code   RO          643    i.gattc_context_store  device_manager_peripheral.o
    0x00018484   0x00000044   Code   RO          644    i.gatts_context_apply  device_manager_peripheral.o
    0x000184c8   0x00000030   Code   RO          645    i.gatts_context_load  device_manager_peripheral.o
    0x000184f8   0x000000a0   Code   RO          646    i.gatts_context_store  device_manager_peripheral.o
    0x00018598   0x00000008   Code   RO          647    i.gattsc_context_apply  device_manager_peripheral.o
    0x000185a0   0x00000008   Code   RO          648    i.gattsc_context_load  device_manager_peripheral.o
    0x000185a8   0x00000008   Code   RO          649    i.gattsc_context_store  device_manager_peripheral.o
    0x000185b0   0x0000002c   Code   RO         1244    i.gpiote_event_handler  app_button.o
    0x000185dc   0x0000004c   Code   RO           13    i.heart_rate_meas_timeout_handler  main.o
    0x00018628   0x000000b0   Code   RO          531    i.heart_rate_measurement_char_add  ble_hrs.o
    0x000186d8   0x00000088   Code   RO          532    i.hrm_encode        ble_hrs.o
    0x00018760   0x00000080   Code   RO         1703    i.intern_softdevice_events_execute  softdevice_handler.o
    0x000187e0   0x0000001c   Code   RO          925    i.is_conn_params_ok  ble_conn_params.o
    0x000187fc   0x00000048   Code   RO          413    i.is_manual_peripheral_setup_needed  system_nrf51.o
    0x00018844   0x0000000c   Code   RO         1125    i.is_word_aligned   pstorage.o
    0x00018850   0x00000018   Code   RO          315    i.leds_timer_handler  bsp.o
    0x00018868   0x00000094   Code   RO         1491    i.list_deletions_handler  app_timer.o
    0x000188fc   0x000000f0   Code   RO         1492    i.list_insertions_handler  app_timer.o
    0x000189ec   0x000000fc   Code   RO           14    i.main              main.o
    0x00018ae8   0x00000064   Code   RO          868    i.manuf_specific_data_encode  ble_advdata.o
    0x00018b4c   0x0000006a   Code   RO          869    i.name_encode       ble_advdata.o
    0x00018bb6   0x00000004   Code   RO          650    i.no_service_context_apply  device_manager_peripheral.o
    0x00018bba   0x00000004   Code   RO          651    i.no_service_context_load  device_manager_peripheral.o
    0x00018bbe   0x00000004   Code   RO          652    i.no_service_context_store  device_manager_peripheral.o
    0x00018bc2   0x00000002   PAD
    0x00018bc4   0x00000080   Code   RO           15    i.on_ble_evt        main.o
    0x00018c44   0x00000024   Code   RO           16    i.on_conn_params_evt  main.o
    0x00018c68   0x00000088   Code   RO         1028    i.on_uart_event     app_uart_fifo.o
    0x00018cf0   0x00000038   Code   RO          653    i.peer_instance_init  device_manager_peripheral.o
    0x00018d28   0x0000003c   Code   RO         1373    i.pins_sense_disable  app_gpiote.o
    0x00018d64   0x0000003e   Code   RO          486    i.pnp_id_encode     ble_dis.o
    0x00018da2   0x00000002   PAD
    0x00018da4   0x00000028   Code   RO         1126    i.pstorage_access_status_get  pstorage.o
    0x00018dcc   0x00000054   Code   RO         1127    i.pstorage_block_identifier_get  pstorage.o
    0x00018e20   0x0000007c   Code   RO         1128    i.pstorage_clear    pstorage.o
    0x00018e9c   0x00000098   Code   RO         1129    i.pstorage_init     pstorage.o
    0x00018f34   0x000000a4   Code   RO         1130    i.pstorage_load     pstorage.o
    0x00018fd8   0x000000fc   Code   RO         1131    i.pstorage_register  pstorage.o
    0x000190d4   0x00000090   Code   RO         1132    i.pstorage_store    pstorage.o
    0x00019164   0x000000d8   Code   RO         1133    i.pstorage_sys_event_handler  pstorage.o
    0x0001923c   0x00000090   Code   RO         1134    i.pstorage_update   pstorage.o
    0x000192cc   0x00000028   Code   RO           17    i.rr_interval_timeout_handler  main.o
    0x000192f4   0x00000044   Code   RO         1493    i.rtc1_stop         app_timer.o
    0x00019338   0x00000044   Code   RO         1374    i.sense_level_toggle  app_gpiote.o
    0x0001937c   0x0000001c   Code   RO           18    i.sensor_contact_detected_timeout_handler  main.o
    0x00019398   0x0000005c   Code   RO           19    i.sensor_sim_init   main.o
    0x000193f4   0x0000007c   Code   RO          870    i.service_data_encode  ble_advdata.o
    0x00019470   0x0000014c   Code   RO           20    i.services_init     main.o
    0x000195bc   0x0000000c   Code   RO         1704    i.softdevice_assertion_handler  softdevice_handler.o
    0x000195c8   0x00000014   Code   RO         1705    i.softdevice_ble_evt_handler_set  softdevice_handler.o
    0x000195dc   0x00000030   Code   RO         1706    i.softdevice_handler_init  softdevice_handler.o
    0x0001960c   0x00000014   Code   RO         1708    i.softdevice_sys_evt_handler_set  softdevice_handler.o
    0x00019620   0x00000004   Code   RO          654    i.storage_operation_dummy_handler  device_manager_peripheral.o
    0x00019624   0x00000174   Code   RO         1135    i.swap_state_process  pstorage.o
    0x00019798   0x00000028   Code   RO           21    i.sys_evt_dispatch  main.o
    0x000197c0   0x00000056   Code   RO          487    i.sys_id_encode     ble_dis.o
    0x00019816   0x00000002   PAD
    0x00019818   0x00000010   Code   RO         1494    i.timer_list_handler_sched  app_timer.o
    0x00019828   0x00000064   Code   RO         1495    i.timer_list_insert  app_timer.o
    0x0001988c   0x00000070   Code   RO         1496    i.timer_list_remove  app_timer.o
    0x000198fc   0x00000080   Code   RO         1497    i.timer_timeouts_check  app_timer.o
    0x0001997c   0x00000094   Code   RO           22    i.timers_init       main.o
    0x00019a10   0x0000000a   Code   RO          871    i.uint16_encode     ble_advdata.o
    0x00019a1a   0x00000002   PAD
    0x00019a1c   0x00000014   Code   RO          655    i.update_status_bit_reset  device_manager_peripheral.o
    0x00019a30   0x00000064   Code   RO          926    i.update_timeout_handler  ble_conn_params.o
    0x00019a94   0x00000054   Code   RO         1498    i.user_id_get       app_timer.o
    0x00019ae8   0x00000024   Code   RO         1499    i.user_op_alloc     app_timer.o
    0x00019b0c   0x00000026   Code   RO          872    i.uuid_list_encode  ble_advdata.o
    0x00019b32   0x000000a2   Code   RO          873    i.uuid_list_sized_encode  ble_advdata.o
    0x00019bd4   0x0000000c   Data   RO           24    .constdata          main.o
    0x00019be0   0x00000030   Data   RO          316    .constdata          bsp.o
    0x00019c10   0x00000030   Data   RO          657    .constdata          device_manager_peripheral.o
    0x00019c40   0x00000000   Data   RO         1793    Region$$Table       anon$$obj.o


    Execution Region RW_IRAM1 (Base: 0x20002000, Size: 0x00000fd8, Max: 0x00006000, ABSOLUTE)

    Base Addr    Size         Type   Attr      Idx    E Section Name        Object

    0x20002000   0x00000034   Data   RW           25    .data               main.o
    0x20002034   0x0000001c   Data   RW          317    .data               bsp.o
    0x20002050   0x00000004   Data   RW          414    .data               system_nrf51.o
    0x20002054   0x0000004a   Data   RW          488    .data               ble_dis.o
    0x2000209e   0x00000002   PAD
    0x200020a0   0x00000018   Data   RW          659    .data               device_manager_peripheral.o
    0x200020b8   0x00000018   Data   RW          928    .data               ble_conn_params.o
    0x200020d0   0x0000000c   Data   RW         1030    .data               app_uart_fifo.o
    0x200020dc   0x0000000c   Data   RW         1137    .data               pstorage.o
    0x200020e8   0x0000001c   Data   RW         1245    .data               app_button.o
    0x20002104   0x0000000c   Data   RW         1375    .data               app_gpiote.o
    0x20002110   0x00000024   Data   RW         1500    .data               app_timer.o
    0x20002134   0x00000014   Data   RW         1709    .data               softdevice_handler.o
    0x20002148   0x00000468   Zero   RW           23    .bss                main.o
    0x200025b0   0x0000010c   Zero   RW          656    .bss                device_manager_peripheral.o
    0x200026bc   0x0000001c   Zero   RW          927    .bss                ble_conn_params.o
    0x200026d8   0x00000020   Zero   RW         1029    .bss                app_uart_fifo.o
    0x200026f8   0x000000dc   Zero   RW         1136    .bss                pstorage.o
    0x200027d4   0x00000004   PAD
    0x200027d8   0x00000800   Zero   RW          402    STACK               arm_startup_nrf51.o

